[dotenv@17.2.3] injecting env (3) from .env -- tip: ΓÜÖ∩╕Å  load multiple .env files with { path: ['.env.local', '.env'] }
node : 
node:internal/url:818
At line:1 char:1
+ node src/test-js.js 
> test-output.txt 2>&1
+ ~~~~~~~~~~~~~~~~~~~~
~~~~~~~~~~~~~~~~~~~~~~
    + CategoryInfo    
          : NotSpeci  
  fied: (node:inter   
 nal/url:818:Strin    
g) [], RemoteExce    
ption
    + FullyQualifiedE 
   rrorId : NativeCo  
  mmandError
 
      href = bindingUr
l.parse(input, base, 
true);
                      
  ^

TypeError: Invalid URL
    at new URL (node:i
nternal/url:818:25)
    at parseUrl 
(C:\Users\IMPACT - 
DBO\OneDrive - ACTED\D
ocumentos\portifolio\B
ook-Reader-main\Book-R
eader-main\node_module
s\postgres\cjs\src\ind
ex.js:544:18)
    at parseOptions 
(C:\Users\IMPACT - 
DBO\OneDrive - ACTED\D
ocumentos\portifolio\B
ook-Reader-main\Book-R
eader-main\node_module
s\postgres\cjs\src\ind
ex.js:436:30)
    at Postgres 
(C:\Users\IMPACT - 
DBO\OneDrive - ACTED\D
ocumentos\portifolio\B
ook-Reader-main\Book-R
eader-main\node_module
s\postgres\cjs\src\ind
ex.js:50:19)
    at 
Object.<anonymous> 
(C:\Users\IMPACT - 
DBO\OneDrive - ACTED\D
ocumentos\portifolio\B
ook-Reader-main\Book-R
eader-main\src\test-js
.js:4:13)
    at 
Module._compile (node:
internal/modules/cjs/l
oader:1565:14)
    at Object..js (nod
e:internal/modules/cjs
/loader:1708:10)
    at Module.load (no
de:internal/modules/cj
s/loader:1318:32)
    at Function._load 
(node:internal/modules
/cjs/loader:1128:12)
    at TracingChannel.
traceSync (node:diagno
stics_channel:322:14) 
{
  code: 
'ERR_INVALID_URL',
  input: 'postgresql:/
/postgres:mmausse#1@Fa
@db.cimaflmbgwrmdpntgh
di.supabase.co:5432/po
stgres'
}

Node.js v22.12.0
